MO data_memory NULL data_memory.v vlg4A/data__memory.bin 1433347389
MO sign_extender NULL sign_extender.v vlg13/sign__extender.bin 1433347389
MO datapath NULL datapath.v vlg27/datapath.bin 1433347389
MO clock_divider NULL clock_divider.v vlg1E/clock__divider.bin 1433347389
MO PC NULL PC.v vlg53/_p_c.bin 1433347389
MO register NULL register.v vlg29/register.bin 1433347389
MO control NULL control.v vlg61/control.bin 1433347389
MO ALU NULL ALU.v vlg2A/_a_l_u.bin 1433347389
