#-----------------------------------------------------------
# PlanAhead v14.4 (64-bit)
# Build 222254 by xbuild on Tue Dec 18 05:21:09 MST 2012
# Start of session at: Fri Jun 12 17:48:40 2015
# Process ID: 3372
# Log file: D:/LDLabFinalProject/planAhead_run_1/planAhead.log
# Journal file: D:/LDLabFinalProject/planAhead_run_1/planAhead.jou
#-----------------------------------------------------------
start_gui
source D:/LDLabFinalProject/pa.fromHdl.tcl
update_compile_order -fileset sim_1
write_csv D:/LDLabFinalProject/planAhead_run_1/elab_constrs_1.csv -force
set_property package_pin "" [get_ports [list  {one[6]}]]
set_property package_pin "" [get_ports [list  {one[6]}]]
startgroup
set_property package_pin P7 [get_ports {one[0]}]
endgroup
startgroup
set_property package_pin P85 [get_ports {one[1]}]
endgroup
set_property package_pin "" [get_ports [list  {one[2]}]]
startgroup
set_property package_pin P82 [get_ports {one[1]}]
endgroup
startgroup
set_property package_pin P134 [get_ports {one[2]}]
endgroup
set_property package_pin "" [get_ports [list  {one[5]}]]
startgroup
set_property package_pin P138 [get_ports {one[3]}]
endgroup
startgroup
set_property package_pin P139 [get_ports {one[4]}]
endgroup
startgroup
set_property package_pin P7 [get_ports {one[0]}]
endgroup
startgroup
set_property package_pin P46 [get_ports {one[5]}]
endgroup
startgroup
set_property package_pin P47 [get_ports {one[6]}]
endgroup
startgroup
set_property package_pin P31 [get_ports {ten[0]}]
endgroup
startgroup
set_property package_pin P29 [get_ports {ten[1]}]
endgroup
startgroup
set_property package_pin P25 [get_ports {ten[2]}]
endgroup
startgroup
set_property package_pin P30 [get_ports {ten[3]}]
endgroup
startgroup
set_property package_pin P32 [get_ports {ten[4]}]
endgroup
startgroup
set_property package_pin P27 [get_ports {ten[5]}]
endgroup
startgroup
set_property package_pin P28 [get_ports {ten[6]}]
endgroup
set_property package_pin "" [get_ports [list  clk]]
startgroup
set_property package_pin P88 [get_ports clk]
endgroup
startgroup
set_property package_pin P83 [get_ports reset]
endgroup
save_constraints
